// Jest Snapshot v1, https://goo.gl/fbAQLP

exports[`expect to render About Page 1`] = `
<Fragment>
  <h1
    className="text-6xl mb-4"
  >
    IronSource Apps Services
  </h1>
  <p
    className="mb-4 text-2xl font-light"
  >
    A React app to search IronSource Apps Services.
  </p>
  <p
    className="text-lg text-gray-400"
  >
    Version 
    <span
      className="text-white"
    >
      1.0.0
    </span>
  </p>
  <p
    className="text-lg text-gray-400"
  >
    Layout By:
    <span
      className="text-white"
    >
      Or Hasson
    </span>
  </p>
</Fragment>
`;
