// Jest Snapshot v1, https://goo.gl/fbAQLP

exports[`expect to render Footer Component 1`] = `
<footer
  className="footer p-3 bg-gray-700 text-primary-content footer-center"
>
  <div>
    <ForwardRef(SvgIronSourceLogo) />
    <p>
       Â© 
      2022
       IronSource, Inc.
    </p>
  </div>
</footer>
`;
